Microsoft Windows [versão 10.0.16299.251]
(c) 2017 Microsoft Corporation. Todos os direitos reservados.

C:\Users\Administrador>JAVAC
Usage: javac <options> <source files>
where possible options include:
  -g                         Generate all debugging info
  -g:none                    Generate no debugging info
  -g:{lines,vars,source}     Generate only some debugging info
  -nowarn                    Generate no warnings
  -verbose                   Output messages about what the compiler is doing
  -deprecation               Output source locations where deprecated APIs are used
  -classpath <path>          Specify where to find user class files and annotation processors
  -cp <path>                 Specify where to find user class files and annotation processors
  -sourcepath <path>         Specify where to find input source files
  -bootclasspath <path>      Override location of bootstrap class files
  -extdirs <dirs>            Override location of installed extensions
  -endorseddirs <dirs>       Override location of endorsed standards path
  -proc:{none,only}          Control whether annotation processing and/or compilation is done.
  -processor <class1>[,<class2>,<class3>...] Names of the annotation processors to run; bypasses default discovery process
  -processorpath <path>      Specify where to find annotation processors
  -parameters                Generate metadata for reflection on method parameters
  -d <directory>             Specify where to place generated class files
  -s <directory>             Specify where to place generated source files
  -h <directory>             Specify where to place generated native header files
  -implicit:{none,class}     Specify whether or not to generate class files for implicitly referenced files
  -encoding <encoding>       Specify character encoding used by source files
  -source <release>          Provide source compatibility with specified release
  -target <release>          Generate class files for specific VM version
  -profile <profile>         Check that API used is available in the specified profile
  -version                   Version information
  -help                      Print a synopsis of standard options
  -Akey[=value]              Options to pass to annotation processors
  -X                         Print a synopsis of nonstandard options
  -J<flag>                   Pass <flag> directly to the runtime system
  -Werror                    Terminate compilation if warnings occur
  @<filename>                Read options and filenames from file


C:\Users\Administrador>dir
 O volume na unidade C não tem nome.
 O Número de Série do Volume é 0AE6-240D

 Pasta de C:\Users\Administrador

12/03/2018  19:14    <DIR>          .
12/03/2018  19:14    <DIR>          ..
12/03/2018  19:14    <DIR>          3D Objects
12/03/2018  19:14    <DIR>          Contacts
12/03/2018  19:56    <DIR>          Desktop
12/03/2018  19:14    <DIR>          Documents
12/03/2018  19:53    <DIR>          Downloads
12/03/2018  19:14    <DIR>          Favorites
12/03/2018  19:14    <DIR>          Links
12/03/2018  19:14    <DIR>          Music
12/03/2018  19:26    <DIR>          OneDrive
12/03/2018  19:24    <DIR>          Pictures
12/03/2018  19:14    <DIR>          Saved Games
12/03/2018  19:14    <DIR>          Searches
12/03/2018  19:14    <DIR>          Videos
               0 arquivo(s)              0 bytes
              15 pasta(s)   320.414.531.584 bytes disponíveis

C:\Users\Administrador>cd desktop

C:\Users\Administrador\Desktop>dir
 O volume na unidade C não tem nome.
 O Número de Série do Volume é 0AE6-240D

 Pasta de C:\Users\Administrador\Desktop

12/03/2018  19:56    <DIR>          .
12/03/2018  19:56    <DIR>          ..
12/03/2018  19:56               127 helloworld.java
31/01/2018  11:23    <DIR>          Unity 3D 2017.1
               1 arquivo(s)            127 bytes
               3 pasta(s)   320.413.417.472 bytes disponíveis

C:\Users\Administrador\Desktop>javac helloworld.java

C:\Users\Administrador\Desktop>java helloworld
Hello World

C:\Users\Administrador\Desktop>java helloworld.class
Erro: Não foi possível localizar nem carregar a classe principal helloworld.class

C:\Users\Administrador\Desktop>java helloworld
Hello World

C:\Users\Administrador\Desktop>


----------------------------------------------------------------------------------------------------------------------

Microsoft Windows [versão 10.0.16299.251]
(c) 2017 Microsoft Corporation. Todos os direitos reservados.

C:\Users\Administrador>cd\

C:\>E:

E:\>dir
 O volume na unidade E é ANDREY
 O Número de Série do Volume é 4286-1B02

 Pasta de E:\

04/03/2018  13:21    <DIR>          Faculdade Unip - SI
12/03/2018  20:17    <DIR>          Outros
04/03/2018  13:21    <DIR>          Faculdade Anhembi Murumbi
               0 arquivo(s)              0 bytes
               3 pasta(s)   30.196.514.816 bytes disponíveis

E:\>cd Faculdade Anhembi Murumbi

E:\Faculdade Anhembi Murumbi>


Microsoft Windows [versão 10.0.16299.251]
(c) 2017 Microsoft Corporation. Todos os direitos reservados.

C:\Users\Administrador>cd\

C:\>E:\Faculdade Anhembi Murumbi\1º - Semestre - 2018\01 - 04046 - ALGORITMOS E PROGRAMAÇÃO\Aula 03
'E:\Faculdade' não é reconhecido como um comando interno
ou externo, um programa operável ou um arquivo em lotes.

C:\>E:

E:\>cd Faculdade Anhembi Murumbi\1º - Semestre - 2018\01 - 04046 - ALGORITMOS E PROGRAMAÇÃO\Aula 03

E:\Faculdade Anhembi Murumbi\1º - Semestre - 2018\01 - 04046 - ALGORITMOS E PROGRAMAÇÃO\Aula 03>javac teste_cmd.java

E:\Faculdade Anhembi Murumbi\1º - Semestre - 2018\01 - 04046 - ALGORITMOS E PROGRAMAÇÃO\Aula 03>java teste_cmd
Testando CMD pelo Pen Drive

E:\Faculdade Anhembi Murumbi\1º - Semestre - 2018\01 - 04046 - ALGORITMOS E PROGRAMAÇÃO\Aula 03>